<html>
<body>
<pre>
<h1>µVision Build Log</h1>
<h2>Tool Versions:</h2>
IDE-Version: ¦ÌVision V5.20.0.0
Copyright (C) 2016 ARM Ltd and ARM Germany GmbH. All rights reserved.
License Information: asdf pc, asfdfa, LIC=YA374-FPA0B-8S4YU-SJ7A8-NN004-N0AS6
 
Tool Versions:
Toolchain:       MDK-ARM Plus  Version: 5.20
Toolchain Path:  E:\MDK\ARM\ARMCC\Bin
C Compiler:      Armcc.exe V5.06 update 2 (build 183)
Assembler:       Armasm.exe V5.06 update 2 (build 183)
Linker/Locator:  ArmLink.exe V5.06 update 2 (build 183)
Library Manager: ArmAr.exe V5.06 update 2 (build 183)
Hex Converter:   FromElf.exe V5.06 update 2 (build 183)
CPU DLL:         SARMCM3.DLL V5.20
Dialog DLL:      DCM.DLL V1.13.7.0
Target DLL:      UL2CM3.DLL V1.157.18.0
Dialog DLL:      TCM.DLL V1.14.9.0
 
<h2>Project:</h2>
F:\ChunyangHui\My_GitRepo\STM32\WorkSpace\4_USART\USER\4_USART.uvprojx
Project File Date:  07/05/2016

<h2>Output:</h2>
*** Using Compiler 'V5.06 update 2 (build 183)', folder: 'E:\MDK\ARM\ARMCC\Bin'
Build target 'Target 1'
assembling startup_stm32f40_41xxx.s...
compiling BEEP.c...
compiling main.c...
main.c(48): warning:  #1-D: last line of file ends without a newline
  }
main.c: 1 warning, 0 errors
compiling delay.c...
compiling usart.c...
compiling KEY.c...
..\HARDWARE\KEY\KEY.c(118): warning:  #940-D: missing return statement at end of non-void function "KEY_Scan_Custom"
  }
..\HARDWARE\KEY\KEY.c: 1 warning, 0 errors
compiling sys.c...
compiling LED.c...
linking...
Program Size: Code=2340 RO-data=424 RW-data=12 ZI-data=1324  
FromELF: creating hex file...
"..\..\OBJ_common\4_USART.axf" - 0 Error(s), 2 Warning(s).

<h2>Collection of Component include folders:</h2>
  F:\ChunyangHui\My_GitRepo\STM32\WorkSpace\4_USART\USER\RTE
  E:\MDK\ARM\PACK\Keil\STM32F4xx_DFP\2.9.0\Drivers\CMSIS\Device\ST\STM32F4xx\Include

<h2>Collection of Component Files used:</h2>
Build Time Elapsed:  00:00:01
</pre>
</body>
</html>
